  Camera.cpp
  Mesh.cpp
  P04-317104143robot.cpp
C:\Users\Rodrigo Mireles\Documents\2026-2\Com Grafica\Lab Grafica\LabCGeiHC_2026\Practica 4\Window.h(12,36): warning C4244: 'return': conversión de 'GLint' a 'GLfloat'; posible pérdida de datos
  (compilando archivo de origen "P04-317104143robot.cpp")
  
C:\Users\Rodrigo Mireles\Documents\2026-2\Com Grafica\Lab Grafica\LabCGeiHC_2026\Practica 4\Window.h(13,37): warning C4244: 'return': conversión de 'GLint' a 'GLfloat'; posible pérdida de datos
  (compilando archivo de origen "P04-317104143robot.cpp")
  
C:\Users\Rodrigo Mireles\Documents\2026-2\Com Grafica\Lab Grafica\LabCGeiHC_2026\Practica 4\P04-317104143robot.cpp(28,37): warning C4305: 'inicializando': truncamiento de 'double' a 'float'
C:\Users\Rodrigo Mireles\Documents\2026-2\Com Grafica\Lab Grafica\LabCGeiHC_2026\Practica 4\P04-317104143robot.cpp(193,79): warning C4267: 'argumento': conversión de 'size_t' a 'unsigned int'; posible pérdida de datos
C:\Users\Rodrigo Mireles\Documents\2026-2\Com Grafica\Lab Grafica\LabCGeiHC_2026\Practica 4\P04-317104143robot.cpp(193,63): warning C4267: 'argumento': conversión de 'size_t' a 'unsigned int'; posible pérdida de datos
C:\Users\Rodrigo Mireles\Documents\2026-2\Com Grafica\Lab Grafica\LabCGeiHC_2026\Practica 4\P04-317104143robot.cpp(231,32): warning C4244: 'argumento': conversión de 'double' a '_Ty'; posible pérdida de datos
C:\Users\Rodrigo Mireles\Documents\2026-2\Com Grafica\Lab Grafica\LabCGeiHC_2026\Practica 4\P04-317104143robot.cpp(231,32): warning C4244:         with
C:\Users\Rodrigo Mireles\Documents\2026-2\Com Grafica\Lab Grafica\LabCGeiHC_2026\Practica 4\P04-317104143robot.cpp(231,32): warning C4244:         [
C:\Users\Rodrigo Mireles\Documents\2026-2\Com Grafica\Lab Grafica\LabCGeiHC_2026\Practica 4\P04-317104143robot.cpp(231,32): warning C4244:             _Ty=GLfloat
C:\Users\Rodrigo Mireles\Documents\2026-2\Com Grafica\Lab Grafica\LabCGeiHC_2026\Practica 4\P04-317104143robot.cpp(231,32): warning C4244:         ]
C:\Users\Rodrigo Mireles\Documents\2026-2\Com Grafica\Lab Grafica\LabCGeiHC_2026\Practica 4\P04-317104143robot.cpp(233,32): warning C4244: 'argumento': conversión de 'double' a '_Ty'; posible pérdida de datos
C:\Users\Rodrigo Mireles\Documents\2026-2\Com Grafica\Lab Grafica\LabCGeiHC_2026\Practica 4\P04-317104143robot.cpp(233,32): warning C4244:         with
C:\Users\Rodrigo Mireles\Documents\2026-2\Com Grafica\Lab Grafica\LabCGeiHC_2026\Practica 4\P04-317104143robot.cpp(233,32): warning C4244:         [
C:\Users\Rodrigo Mireles\Documents\2026-2\Com Grafica\Lab Grafica\LabCGeiHC_2026\Practica 4\P04-317104143robot.cpp(233,32): warning C4244:             _Ty=GLfloat
C:\Users\Rodrigo Mireles\Documents\2026-2\Com Grafica\Lab Grafica\LabCGeiHC_2026\Practica 4\P04-317104143robot.cpp(233,32): warning C4244:         ]
C:\Users\Rodrigo Mireles\Documents\2026-2\Com Grafica\Lab Grafica\LabCGeiHC_2026\Practica 4\P04-317104143robot.cpp(240,59): warning C4267: 'argumento': conversión de 'size_t' a 'unsigned int'; posible pérdida de datos
C:\Users\Rodrigo Mireles\Documents\2026-2\Com Grafica\Lab Grafica\LabCGeiHC_2026\Practica 4\P04-317104143robot.cpp(309,15): warning C4244: 'inicializando': conversión de 'double' a 'GLfloat'; posible pérdida de datos
C:\Users\Rodrigo Mireles\Documents\2026-2\Com Grafica\Lab Grafica\LabCGeiHC_2026\Practica 4\P04-317104143robot.cpp(311,33): warning C4244: '+=': conversión de 'double' a 'GLfloat'; posible pérdida de datos
C:\Users\Rodrigo Mireles\Documents\2026-2\Com Grafica\Lab Grafica\LabCGeiHC_2026\Practica 4\P04-317104143robot.cpp(334,13): warning C4101: 'modelRodillaPivot': variable local sin referencia
C:\Users\Rodrigo Mireles\Documents\2026-2\Com Grafica\Lab Grafica\LabCGeiHC_2026\Practica 4\P04-317104143robot.cpp(336,13): warning C4101: 'modelPiePivot': variable local sin referencia
C:\Users\Rodrigo Mireles\Documents\2026-2\Com Grafica\Lab Grafica\LabCGeiHC_2026\Practica 4\P04-317104143robot.cpp(335,13): warning C4101: 'modelRodilla': variable local sin referencia
  Shader.cpp
C:\Users\Rodrigo Mireles\Documents\2026-2\Com Grafica\Lab Grafica\LabCGeiHC_2026\Practica 4\Shader.cpp(131,24): warning C4267: '=': conversión de 'size_t' a 'GLint'; posible pérdida de datos
  Sphere.cpp
C:\Users\Rodrigo Mireles\Documents\2026-2\Com Grafica\Lab Grafica\LabCGeiHC_2026\Practica 4\Sphere.cpp(39,13): warning C4244: 'inicializando': conversión de 'double' a 'float'; posible pérdida de datos
C:\Users\Rodrigo Mireles\Documents\2026-2\Com Grafica\Lab Grafica\LabCGeiHC_2026\Practica 4\Sphere.cpp(43,16): warning C4244: 'inicializando': conversión de 'double' a 'float'; posible pérdida de datos
C:\Users\Rodrigo Mireles\Documents\2026-2\Com Grafica\Lab Grafica\LabCGeiHC_2026\Practica 4\Sphere.cpp(91,50): warning C4267: 'argumento': conversión de 'size_t' a 'GLsizei'; posible pérdida de datos
C:\Users\Rodrigo Mireles\Documents\2026-2\Com Grafica\Lab Grafica\LabCGeiHC_2026\Practica 4\Sphere.cpp(94,51): warning C4267: 'argumento': conversión de 'size_t' a 'GLsizei'; posible pérdida de datos
C:\Users\Rodrigo Mireles\Documents\2026-2\Com Grafica\Lab Grafica\LabCGeiHC_2026\Practica 4\Sphere.cpp(98,50): warning C4267: 'argumento': conversión de 'size_t' a 'GLsizei'; posible pérdida de datos
C:\Users\Rodrigo Mireles\Documents\2026-2\Com Grafica\Lab Grafica\LabCGeiHC_2026\Practica 4\Sphere.cpp(108,42): warning C4267: 'argumento': conversión de 'size_t' a 'GLsizei'; posible pérdida de datos
  Window.cpp
C:\Users\Rodrigo Mireles\Documents\2026-2\Com Grafica\Lab Grafica\LabCGeiHC_2026\Practica 4\Window.h(12,36): warning C4244: 'return': conversión de 'GLint' a 'GLfloat'; posible pérdida de datos
  (compilando archivo de origen "Window.cpp")
  
C:\Users\Rodrigo Mireles\Documents\2026-2\Com Grafica\Lab Grafica\LabCGeiHC_2026\Practica 4\Window.h(13,37): warning C4244: 'return': conversión de 'GLint' a 'GLfloat'; posible pérdida de datos
  (compilando archivo de origen "Window.cpp")
  
C:\Users\Rodrigo Mireles\Documents\2026-2\Com Grafica\Lab Grafica\LabCGeiHC_2026\Practica 4\Window.cpp(199,22): warning C4244: '=': conversión de 'double' a 'GLfloat'; posible pérdida de datos
C:\Users\Rodrigo Mireles\Documents\2026-2\Com Grafica\Lab Grafica\LabCGeiHC_2026\Practica 4\Window.cpp(200,22): warning C4244: '=': conversión de 'double' a 'GLfloat'; posible pérdida de datos
C:\Users\Rodrigo Mireles\Documents\2026-2\Com Grafica\Lab Grafica\LabCGeiHC_2026\Practica 4\Window.cpp(204,28): warning C4244: '=': conversión de 'double' a 'GLfloat'; posible pérdida de datos
C:\Users\Rodrigo Mireles\Documents\2026-2\Com Grafica\Lab Grafica\LabCGeiHC_2026\Practica 4\Window.cpp(205,40): warning C4244: '=': conversión de 'double' a 'GLfloat'; posible pérdida de datos
C:\Users\Rodrigo Mireles\Documents\2026-2\Com Grafica\Lab Grafica\LabCGeiHC_2026\Practica 4\Window.cpp(207,21): warning C4244: '=': conversión de 'double' a 'GLfloat'; posible pérdida de datos
C:\Users\Rodrigo Mireles\Documents\2026-2\Com Grafica\Lab Grafica\LabCGeiHC_2026\Practica 4\Window.cpp(208,21): warning C4244: '=': conversión de 'double' a 'GLfloat'; posible pérdida de datos
  Generando código
  Previous IPDB not found, fall back to full compilation.
C:\Users\Rodrigo Mireles\Documents\2026-2\Com Grafica\Lab Grafica\LabCGeiHC_2026\Practica 4\Window.cpp(88): warning C4715: 'Window::Initialise': no todas las rutas de acceso de control devuelven un valor
  All 640 functions were compiled because no usable IPDB/IOBJ from previous compilation was found.
  Generación de código finalizada
  Practica 4.vcxproj -> C:\Users\Rodrigo Mireles\Documents\2026-2\Com Grafica\Lab Grafica\LabCGeiHC_2026\x64\Release\Practica 4.exe
